E2E Permission Test - 2026-03-14 06:26:44 UTC